// Jest Snapshot v1, https://goo.gl/fbAQLP

exports[`Header: Default 1`] = `
.glamor-0 {
  -webkit-align-items: center;
  -webkit-box-align: center;
  -ms-flex-align: center;
  align-items: center;
  display: -webkit-box;
  display: -webkit-flex;
  display: -ms-flexbox;
  display: flex;
  position: relative;
  z-index: 1;
}

.glamor-1 {
  -webkit-flex: none;
  -ms-flex: none;
  flex: none;
  width: 100%;
  height: 50px;
}

@media (min-width:768px) {
  .glamor-1 {
    height: 70px;
  }
}

<div
  className="glamor-1"
>
  <Styled(header)
    id="site-header"
  >
    <Styled(div)
      className="glamor-0"
    >
      <pure(Component) />
    </Styled(div)>
  </Styled(header)>
</div>
`;
